gcc-12.2.0 loaded successful
WARNING: underlay of /etc/localtime required more than 50 (88) bind mounts
WARNING: underlay of /usr/bin/nvidia-smi required more than 50 (410) bind mounts
2025-11-10 19:29:45.955986: E external/local_xla/xla/stream_executor/cuda/cuda_fft.cc:467] Unable to register cuFFT factory: Attempting to register factory for plugin cuFFT when one has already been registered
2025-11-10 19:29:45.956008: E external/local_xla/xla/stream_executor/cuda/cuda_fft.cc:467] Unable to register cuFFT factory: Attempting to register factory for plugin cuFFT when one has already been registered
2025-11-10 19:29:45.955999: E external/local_xla/xla/stream_executor/cuda/cuda_fft.cc:467] Unable to register cuFFT factory: Attempting to register factory for plugin cuFFT when one has already been registered
2025-11-10 19:29:45.955993: E external/local_xla/xla/stream_executor/cuda/cuda_fft.cc:467] Unable to register cuFFT factory: Attempting to register factory for plugin cuFFT when one has already been registered
2025-11-10 19:29:45.956049: E external/local_xla/xla/stream_executor/cuda/cuda_fft.cc:467] Unable to register cuFFT factory: Attempting to register factory for plugin cuFFT when one has already been registered
2025-11-10 19:29:45.956071: E external/local_xla/xla/stream_executor/cuda/cuda_fft.cc:467] Unable to register cuFFT factory: Attempting to register factory for plugin cuFFT when one has already been registered
2025-11-10 19:29:45.956086: E external/local_xla/xla/stream_executor/cuda/cuda_fft.cc:467] Unable to register cuFFT factory: Attempting to register factory for plugin cuFFT when one has already been registered
2025-11-10 19:29:45.956083: E external/local_xla/xla/stream_executor/cuda/cuda_fft.cc:467] Unable to register cuFFT factory: Attempting to register factory for plugin cuFFT when one has already been registered
WARNING: All log messages before absl::InitializeLog() is called are written to STDERR
WARNING: All log messages before absl::InitializeLog() is called are written to STDERR
WARNING: All log messages before absl::InitializeLog() is called are written to STDERR
WARNING: All log messages before absl::InitializeLog() is called are written to STDERR
E0000 00:00:1762774186.248916    2736 cuda_dnn.cc:8579] Unable to register cuDNN factory: Attempting to register factory for plugin cuDNN when one has already been registered
WARNING: All log messages before absl::InitializeLog() is called are written to STDERR
WARNING: All log messages before absl::InitializeLog() is called are written to STDERR
E0000 00:00:1762774186.248893    2733 cuda_dnn.cc:8579] Unable to register cuDNN factory: Attempting to register factory for plugin cuDNN when one has already been registered
E0000 00:00:1762774186.248922    2737 cuda_dnn.cc:8579] Unable to register cuDNN factory: Attempting to register factory for plugin cuDNN when one has already been registered
E0000 00:00:1762774186.248923    2735 cuda_dnn.cc:8579] Unable to register cuDNN factory: Attempting to register factory for plugin cuDNN when one has already been registered
E0000 00:00:1762774186.248951    2739 cuda_dnn.cc:8579] Unable to register cuDNN factory: Attempting to register factory for plugin cuDNN when one has already been registered
E0000 00:00:1762774186.248942    2740 cuda_dnn.cc:8579] Unable to register cuDNN factory: Attempting to register factory for plugin cuDNN when one has already been registered
WARNING: All log messages before absl::InitializeLog() is called are written to STDERR
E0000 00:00:1762774186.248931    2734 cuda_dnn.cc:8579] Unable to register cuDNN factory: Attempting to register factory for plugin cuDNN when one has already been registered
WARNING: All log messages before absl::InitializeLog() is called are written to STDERR
E0000 00:00:1762774186.251466    2738 cuda_dnn.cc:8579] Unable to register cuDNN factory: Attempting to register factory for plugin cuDNN when one has already been registered
E0000 00:00:1762774186.593891    2736 cuda_blas.cc:1407] Unable to register cuBLAS factory: Attempting to register factory for plugin cuBLAS when one has already been registered
E0000 00:00:1762774186.593912    2737 cuda_blas.cc:1407] Unable to register cuBLAS factory: Attempting to register factory for plugin cuBLAS when one has already been registered
E0000 00:00:1762774186.593914    2734 cuda_blas.cc:1407] Unable to register cuBLAS factory: Attempting to register factory for plugin cuBLAS when one has already been registered
E0000 00:00:1762774186.593925    2739 cuda_blas.cc:1407] Unable to register cuBLAS factory: Attempting to register factory for plugin cuBLAS when one has already been registered
E0000 00:00:1762774186.593933    2740 cuda_blas.cc:1407] Unable to register cuBLAS factory: Attempting to register factory for plugin cuBLAS when one has already been registered
E0000 00:00:1762774186.593923    2735 cuda_blas.cc:1407] Unable to register cuBLAS factory: Attempting to register factory for plugin cuBLAS when one has already been registered
E0000 00:00:1762774186.593919    2733 cuda_blas.cc:1407] Unable to register cuBLAS factory: Attempting to register factory for plugin cuBLAS when one has already been registered
E0000 00:00:1762774186.593954    2738 cuda_blas.cc:1407] Unable to register cuBLAS factory: Attempting to register factory for plugin cuBLAS when one has already been registered
W0000 00:00:1762774189.696100    2736 computation_placer.cc:177] computation placer already registered. Please check linkage and avoid linking the same target more than once.
W0000 00:00:1762774189.696100    2733 computation_placer.cc:177] computation placer already registered. Please check linkage and avoid linking the same target more than once.
W0000 00:00:1762774189.696107    2738 computation_placer.cc:177] computation placer already registered. Please check linkage and avoid linking the same target more than once.
W0000 00:00:1762774189.696106    2734 computation_placer.cc:177] computation placer already registered. Please check linkage and avoid linking the same target more than once.
W0000 00:00:1762774189.696099    2740 computation_placer.cc:177] computation placer already registered. Please check linkage and avoid linking the same target more than once.
W0000 00:00:1762774189.696115    2737 computation_placer.cc:177] computation placer already registered. Please check linkage and avoid linking the same target more than once.
W0000 00:00:1762774189.696127    2735 computation_placer.cc:177] computation placer already registered. Please check linkage and avoid linking the same target more than once.
W0000 00:00:1762774189.696189    2736 computation_placer.cc:177] computation placer already registered. Please check linkage and avoid linking the same target more than once.
W0000 00:00:1762774189.696148    2739 computation_placer.cc:177] computation placer already registered. Please check linkage and avoid linking the same target more than once.
W0000 00:00:1762774189.696209    2733 computation_placer.cc:177] computation placer already registered. Please check linkage and avoid linking the same target more than once.
W0000 00:00:1762774189.696252    2738 computation_placer.cc:177] computation placer already registered. Please check linkage and avoid linking the same target more than once.
W0000 00:00:1762774189.696275    2734 computation_placer.cc:177] computation placer already registered. Please check linkage and avoid linking the same target more than once.
W0000 00:00:1762774189.696299    2740 computation_placer.cc:177] computation placer already registered. Please check linkage and avoid linking the same target more than once.
W0000 00:00:1762774189.696349    2737 computation_placer.cc:177] computation placer already registered. Please check linkage and avoid linking the same target more than once.
W0000 00:00:1762774189.696391    2735 computation_placer.cc:177] computation placer already registered. Please check linkage and avoid linking the same target more than once.
W0000 00:00:1762774189.696403    2736 computation_placer.cc:177] computation placer already registered. Please check linkage and avoid linking the same target more than once.
W0000 00:00:1762774189.696456    2739 computation_placer.cc:177] computation placer already registered. Please check linkage and avoid linking the same target more than once.
W0000 00:00:1762774189.696464    2733 computation_placer.cc:177] computation placer already registered. Please check linkage and avoid linking the same target more than once.
W0000 00:00:1762774189.696477    2738 computation_placer.cc:177] computation placer already registered. Please check linkage and avoid linking the same target more than once.
W0000 00:00:1762774189.696490    2734 computation_placer.cc:177] computation placer already registered. Please check linkage and avoid linking the same target more than once.
W0000 00:00:1762774189.696502    2740 computation_placer.cc:177] computation placer already registered. Please check linkage and avoid linking the same target more than once.
W0000 00:00:1762774189.696520    2737 computation_placer.cc:177] computation placer already registered. Please check linkage and avoid linking the same target more than once.
W0000 00:00:1762774189.696538    2735 computation_placer.cc:177] computation placer already registered. Please check linkage and avoid linking the same target more than once.
W0000 00:00:1762774189.696550    2736 computation_placer.cc:177] computation placer already registered. Please check linkage and avoid linking the same target more than once.
W0000 00:00:1762774189.696590    2739 computation_placer.cc:177] computation placer already registered. Please check linkage and avoid linking the same target more than once.
W0000 00:00:1762774189.696601    2733 computation_placer.cc:177] computation placer already registered. Please check linkage and avoid linking the same target more than once.
W0000 00:00:1762774189.696614    2738 computation_placer.cc:177] computation placer already registered. Please check linkage and avoid linking the same target more than once.
W0000 00:00:1762774189.696639    2740 computation_placer.cc:177] computation placer already registered. Please check linkage and avoid linking the same target more than once.
W0000 00:00:1762774189.696656    2737 computation_placer.cc:177] computation placer already registered. Please check linkage and avoid linking the same target more than once.
W0000 00:00:1762774189.696672    2735 computation_placer.cc:177] computation placer already registered. Please check linkage and avoid linking the same target more than once.
W0000 00:00:1762774189.696700    2739 computation_placer.cc:177] computation placer already registered. Please check linkage and avoid linking the same target more than once.
W0000 00:00:1762774189.696626    2734 computation_placer.cc:177] computation placer already registered. Please check linkage and avoid linking the same target more than once.
[rank0]: Traceback (most recent call last):
[rank0]:   File "/data/run01/scw6f3q/zncao/affincraft-nn/fairseq/fairseq/tasks/fairseq_task.py", line 528, in train_step
[rank0]:     optimizer.backward(loss)
[rank0]:   File "/data/run01/scw6f3q/zncao/affincraft-nn/fairseq/fairseq/optim/fp16_optimizer.py", line 105, in backward
[rank0]:     loss.backward()
[rank0]:   File "/data/run01/scw6f3q/zncao/affincraft/lib/python3.9/site-packages/torch/_tensor.py", line 626, in backward
[rank0]:     torch.autograd.backward(
[rank0]:   File "/data/run01/scw6f3q/zncao/affincraft/lib/python3.9/site-packages/torch/autograd/__init__.py", line 347, in backward
[rank0]:     _engine_run_backward(
[rank0]:   File "/data/run01/scw6f3q/zncao/affincraft/lib/python3.9/site-packages/torch/autograd/graph.py", line 823, in _engine_run_backward
[rank0]:     return Variable._execution_engine.run_backward(  # Calls into the C++ engine to run the backward pass
[rank0]: RuntimeError: Function 'AddmmBackward0' returned nan values in its 2th output.

[rank0]: During handling of the above exception, another exception occurred:

[rank0]: Traceback (most recent call last):
[rank0]:   File "/data/run01/scw6f3q/zncao/affincraft/bin/fairseq-train", line 8, in <module>
[rank0]:     sys.exit(cli_main())
[rank0]:   File "/data/run01/scw6f3q/zncao/affincraft-nn/fairseq/fairseq_cli/train.py", line 539, in cli_main
[rank0]:     distributed_utils.call_main(cfg, main)
[rank0]:   File "/data/run01/scw6f3q/zncao/affincraft-nn/fairseq/fairseq/distributed/utils.py", line 362, in call_main
[rank0]:     distributed_main(cfg.distributed_training.device_id, main, cfg, kwargs)
[rank0]:   File "/data/run01/scw6f3q/zncao/affincraft-nn/fairseq/fairseq/distributed/utils.py", line 336, in distributed_main
[rank0]:     main(cfg, **kwargs)
[rank0]:   File "/data/run01/scw6f3q/zncao/affincraft-nn/fairseq/fairseq_cli/train.py", line 188, in main
[rank0]:     valid_losses, should_stop = train(cfg, trainer, task, epoch_itr)
[rank0]:   File "/data/run01/scw6f3q/zncao/affincraft/lib/python3.9/contextlib.py", line 79, in inner
[rank0]:     return func(*args, **kwds)
[rank0]:   File "/data/run01/scw6f3q/zncao/affincraft-nn/fairseq/fairseq_cli/train.py", line 318, in train
[rank0]:     log_output = trainer.train_step(samples)
[rank0]:   File "/data/run01/scw6f3q/zncao/affincraft/lib/python3.9/contextlib.py", line 79, in inner
[rank0]:     return func(*args, **kwds)
[rank0]:   File "/data/run01/scw6f3q/zncao/affincraft-nn/fairseq/fairseq/trainer.py", line 861, in train_step
[rank0]:     raise e
[rank0]:   File "/data/run01/scw6f3q/zncao/affincraft-nn/fairseq/fairseq/trainer.py", line 775, in train_step
[rank0]:     loss, sample_size_i, logging_output = self.task.train_step(
[rank0]:   File "/data/run01/scw6f3q/zncao/affincraft-nn/fairseq/fairseq/tasks/fairseq_task.py", line 574, in train_step
[rank0]:     print(f"    - min: {value.min().item():.4f}, max: {value.max().item():.4f}, mean: {value.mean().item():.4f}")
[rank0]: RuntimeError: mean(): could not infer output dtype. Input dtype must be either a floating point or complex dtype. Got: Long
[rank0]:[W1110 20:03:02.236349675 ProcessGroupNCCL.cpp:1496] Warning: WARNING: destroy_process_group() was not called before program exit, which can leak resources. For more info, please see https://pytorch.org/docs/stable/distributed.html#shutdown (function operator())
W1110 20:03:45.316616 2728 torch/distributed/elastic/multiprocessing/api.py:897] Sending process 2734 closing signal SIGTERM
W1110 20:03:45.354624 2728 torch/distributed/elastic/multiprocessing/api.py:897] Sending process 2735 closing signal SIGTERM
W1110 20:03:45.355654 2728 torch/distributed/elastic/multiprocessing/api.py:897] Sending process 2736 closing signal SIGTERM
W1110 20:03:45.357035 2728 torch/distributed/elastic/multiprocessing/api.py:897] Sending process 2737 closing signal SIGTERM
W1110 20:03:45.357942 2728 torch/distributed/elastic/multiprocessing/api.py:897] Sending process 2738 closing signal SIGTERM
W1110 20:03:45.358833 2728 torch/distributed/elastic/multiprocessing/api.py:897] Sending process 2739 closing signal SIGTERM
W1110 20:03:45.359530 2728 torch/distributed/elastic/multiprocessing/api.py:897] Sending process 2740 closing signal SIGTERM
E1110 20:03:56.334453 2728 torch/distributed/elastic/multiprocessing/api.py:869] failed (exitcode: 1) local_rank: 0 (pid: 2733) of binary: /data/run01/scw6f3q/zncao/affincraft/bin/python
Traceback (most recent call last):
  File "/data/run01/scw6f3q/zncao/affincraft/bin/torchrun", line 8, in <module>
    sys.exit(main())
  File "/data/run01/scw6f3q/zncao/affincraft/lib/python3.9/site-packages/torch/distributed/elastic/multiprocessing/errors/__init__.py", line 355, in wrapper
    return f(*args, **kwargs)
  File "/data/run01/scw6f3q/zncao/affincraft/lib/python3.9/site-packages/torch/distributed/run.py", line 918, in main
    run(args)
  File "/data/run01/scw6f3q/zncao/affincraft/lib/python3.9/site-packages/torch/distributed/run.py", line 909, in run
    elastic_launch(
  File "/data/run01/scw6f3q/zncao/affincraft/lib/python3.9/site-packages/torch/distributed/launcher/api.py", line 138, in __call__
    return launch_agent(self._config, self._entrypoint, list(args))
  File "/data/run01/scw6f3q/zncao/affincraft/lib/python3.9/site-packages/torch/distributed/launcher/api.py", line 269, in launch_agent
    raise ChildFailedError(
torch.distributed.elastic.multiprocessing.errors.ChildFailedError: 
============================================================
/data/run01/scw6f3q/zncao/affincraft/bin/fairseq-train FAILED
------------------------------------------------------------
Failures:
  <NO_OTHER_FAILURES>
------------------------------------------------------------
Root Cause (first observed failure):
[0]:
  time      : 2025-11-10_20:03:45
  host      : g0068.para.ai
  rank      : 0 (local_rank: 0)
  exitcode  : 1 (pid: 2733)
  error_file: <N/A>
  traceback : To enable traceback see: https://pytorch.org/docs/stable/elastic/errors.html
============================================================
